../Core/Src/lcd.c:13:6:Delay	16	static
../Core/Src/lcd.c:15:6:LCD_INIT	16	static
../Core/Src/lcd.c:25:6:LCD_Rst	8	static
../Core/Src/lcd.c:34:6:LCD_BackLed_Control	16	static
../Core/Src/lcd.c:45:6:LCD_Write_Cmd	16	static
../Core/Src/lcd.c:53:6:LCD_Write_Data	16	static
../Core/Src/lcd.c:61:10:LCD_Read_Data	4	static
../Core/Src/lcd.c:67:6:LCD_REG_Config	8	static
../Core/Src/lcd.c:231:6:LCD_OpenWindow	24	static
../Core/Src/lcd.c:248:6:LCD_FillColor	24	static
../Core/Src/lcd.c:263:6:LCD_Clear	24	static
../Core/Src/lcd.c:272:10:LCD_Read_PixelData	16	static
../Core/Src/lcd.c:292:10:LCD_GetPointPixel	24	static
../Core/Src/lcd.c:306:6:LCD_DrawLine	64	static
../Core/Src/lcd.c:378:6:LCD_DrawChar	24	static
../Core/Src/lcd.c:412:6:LCD_DrawString	16	static
../Core/Src/lcd.c:438:6:LCD_DrawValue	72	static
../Core/Src/lcd.c:467:6:LCD_DrawValueHex	72	static
../Core/Src/lcd.c:499:6:LCD_DrawDot	16	static
../Core/Src/lcd.c:510:6:LCD_DrawEllipse	56	static
../Core/Src/lcd.c:528:6:LCD_DrawChinese	40	static
../Core/Src/lcd.c:550:6:LCD_DrawFloat	72	static
../Core/Src/lcd.c:577:6:LCD_DrawTimeDate	88	static
