../Core/Src/main.c:163:6:microDelay	16	static
../Core/Src/main.c:169:10:getHX711	24	static
../Core/Src/main.c:193:5:weigh	32	static
../Core/Src/main.c:213:5:main	16	static
../Core/Src/main.c:550:6:SystemClock_Config	96	static
../Core/Src/main.c:599:13:MX_ADC2_Init	24	static
../Core/Src/main.c:646:13:MX_RTC_Init	24	static
../Core/Src/main.c:716:13:MX_TIM1_Init	32	static
../Core/Src/main.c:762:13:MX_TIM3_Init	72	static
../Core/Src/main.c:821:13:MX_USART1_UART_Init	8	static
../Core/Src/main.c:854:13:MX_USART3_UART_Init	8	static
../Core/Src/main.c:887:13:MX_GPIO_Init	48	static
../Core/Src/main.c:1009:13:MX_FSMC_Init	40	static
../Core/Src/main.c:1066:6:HAL_RTC_AlarmAEventCallback	16	static
../Core/Src/main.c:1076:6:HAL_UART_RxCpltCallback	16	static
../Core/Src/main.c:1114:6:Error_Handler	4	static
