../Core/Src/stm32f1xx_hal_msp.c:65:6:HAL_MspInit	24	static
../Core/Src/stm32f1xx_hal_msp.c:91:6:HAL_ADC_MspInit	40	static
../Core/Src/stm32f1xx_hal_msp.c:123:6:HAL_ADC_MspDeInit	16	static
../Core/Src/stm32f1xx_hal_msp.c:151:6:HAL_RTC_MspInit	24	static
../Core/Src/stm32f1xx_hal_msp.c:179:6:HAL_RTC_MspDeInit	16	static
../Core/Src/stm32f1xx_hal_msp.c:204:6:HAL_TIM_Base_MspInit	24	static
../Core/Src/stm32f1xx_hal_msp.c:231:6:HAL_TIM_MspPostInit	40	static
../Core/Src/stm32f1xx_hal_msp.c:261:6:HAL_TIM_Base_MspDeInit	16	static
../Core/Src/stm32f1xx_hal_msp.c:294:6:HAL_UART_MspInit	56	static
../Core/Src/stm32f1xx_hal_msp.c:368:6:HAL_UART_MspDeInit	16	static
../Core/Src/stm32f1xx_hal_msp.c:415:13:HAL_FSMC_MspInit	32	static
../Core/Src/stm32f1xx_hal_msp.c:469:6:HAL_SRAM_MspInit	16	static
../Core/Src/stm32f1xx_hal_msp.c:481:13:HAL_FSMC_MspDeInit	8	static
../Core/Src/stm32f1xx_hal_msp.c:527:6:HAL_SRAM_MspDeInit	16	static
